# TODO: allow columns to come out of order
# TODO: support spaces both in column name declaration

Date:
  = date(zf_original_data.Date)
Time:
  = zf_original_data.Time
DateTime:
  = time(concat(zf_original_data.Date, " ", zf_original_data.Time))
# High:
#   = value(zf_original_data.High)
# Low:
#   = value(zf_original_data.Low)
# Close:
#   = value(zf_original_data.Close)
Volume:
  = value(zf_original_data.Volume)
NumberOfTrades:
  = value(zf_original_data.NumberOfTrades)
BidVolume:
  = value(zf_original_data.BidVolume)
AskVolume:
  = value(zf_original_data.AskVolume)

OriginalOpen:
  = zf_original_data.Open

OpenWhole:
  = left(OriginalOpen,
         search(" ", OriginalOpen, 1))

OpenDenominator:
  = right(OriginalOpen, 2)

OpenNumerator:
  = mid(OriginalOpen,
        add(search(" ", OriginalOpen, 1), 1),
        subtract(search("/",
                        OriginalOpen,
                        1),
                 search(" ",
                        OriginalOpen,
                        1),
                 2))
Open:
  = add(value(OpenWhole),
        divide(value(OpenNumerator), value(OpenDenominator)))



OriginalClose:
  = zf_original_data.Close

CloseWhole:
  = left(OriginalClose,
         search(" ", OriginalClose, 1))

CloseDenominator:
  = right(OriginalClose, 2)

CloseNumerator:
  = mid(OriginalClose,
        add(search(" ", OriginalClose, 1), 1),
        subtract(search("/",
                        OriginalClose,
                        1),
                 search(" ",
                        OriginalClose,
                        1),
                 2))
Close:
  = add(value(CloseWhole),
        divide(value(CloseNumerator), value(CloseDenominator)))



OriginalHigh:
  = zf_original_data.High

HighWhole:
  = left(OriginalHigh,
         search(" ", OriginalHigh, 1))

HighDenominator:
  = right(OriginalHigh, 2)

HighNumerator:
  = mid(OriginalHigh,
        add(search(" ", OriginalHigh, 1), 1),
        subtract(search("/",
                        OriginalHigh,
                        1),
                 search(" ",
                        OriginalHigh,
                        1),
                 2))
High:
  = add(value(HighWhole),
        divide(value(HighNumerator), value(HighDenominator)))



OriginalLow:
  = zf_original_data.Low

LowWhole:
  = left(OriginalLow,
         search(" ", OriginalLow, 1))

LowDenominator:
  = right(OriginalLow, 2)

LowNumerator:
  = mid(OriginalLow,
        add(search(" ", OriginalLow, 1), 1),
        subtract(search("/",
                        OriginalLow,
                        1),
                 search(" ",
                        OriginalLow,
                        1),
                 2))
Low:
  = add(value(LowWhole),
        divide(value(LowNumerator), value(LowDenominator)))
